// Jest Snapshot v1, https://goo.gl/fbAQLP

exports[`Testing snapshot for Gladly's conversationItem destination action: all fields 1`] = `""`;

exports[`Testing snapshot for Gladly's conversationItem destination action: required fields 1`] = `""`;

exports[`Testing snapshot for Gladly's conversationItem destination action: required fields 2`] = `
Headers {
  Symbol(map): Object {
    "authorization": Array [
      "Basic d2gzWE0yJFVHOndoM1hNMiRVRw==",
    ],
    "user-agent": Array [
      "Segment (Actions)",
    ],
  },
}
`;
