// Jest Snapshot v1, https://goo.gl/fbAQLP

exports[`Testing snapshot for Gladly's customer destination action: all fields 1`] = `""`;

exports[`Testing snapshot for Gladly's customer destination action: required fields 1`] = `""`;

exports[`Testing snapshot for Gladly's customer destination action: required fields 2`] = `
Headers {
  Symbol(map): Object {
    "authorization": Array [
      "Basic NSE4QW9sZXV5OVgkSjo1IThBb2xldXk5WCRK",
    ],
    "user-agent": Array [
      "Segment (Actions)",
    ],
  },
}
`;
